
[EUR_USD] loading S5 BA ...
  EUR_USD: 8,262,863 S5 bars, span 807d

[GBP_USD] loading S5 BA ...
  GBP_USD: 4,950,137 S5 bars, span 449d

[AUD_USD] loading S5 BA ...
  AUD_USD: 5,032,618 S5 bars, span 539d

[NZD_USD] loading S5 BA ...
  NZD_USD: 4,916,481 S5 bars, span 539d

[EUR_GBP] loading S5 BA ...
  EUR_GBP: 4,777,381 S5 bars, span 539d

[USD_JPY] loading S5 BA ...
  USD_JPY: 5,088,420 S5 bars, span 449d

[EUR_JPY] loading S5 BA ...
  EUR_JPY: 5,164,815 S5 bars, span 449d

[GBP_JPY] loading S5 BA ...
  GBP_JPY: 5,237,189 S5 bars, span 449d

[AUD_JPY] loading S5 BA ...
  AUD_JPY: 6,018,926 S5 bars, span 539d

[CAD_JPY] loading S5 BA ...
  CAD_JPY: 4,893,381 S5 bars, span 539d

[NZD_JPY] loading S5 BA ...
  NZD_JPY: 5,006,456 S5 bars, span 539d

[CHF_JPY] loading S5 BA ...
  CHF_JPY: 5,353,195 S5 bars, span 539d

====================================================================================================
BB-FADE REALIZABLE-LATENCY VALIDATION — baseline vs realistic live entry (S5 ground-truth exit)
====================================================================================================
pairs used per TF: M5:12; M15:12; H1:12; H4:12

--- BASELINE BACKTEST (next-open entry, real per-bar spread, opp-band/ext-peak/time-cap exit) ---
  TF   trades   p/trade     WR     p/day  span(d)
  M5     6957    +0.395  51.5%     +5.17      531
 M15     4362    +1.312  52.8%    +10.77      531
  H1     3197    +0.427  46.6%     +2.57      531
  H4     1238   +11.981  44.8%    +27.91      531

--- REALIZABLE: entry latency = 5s after signal-bar close ---
  TF  gate  signals  born%  gated%  trades   p/trade     WR     p/day  pairs+
  M5     2     6957  51.6%   55.1%    3121    -2.502  18.2%    -14.69   0/12 
  M5     5     6957  51.6%   51.8%    3351    -2.595  18.0%    -16.36   0/12 
  M5    10     6957  51.6%   51.6%    3367    -2.661  17.9%    -16.86   0/12 
  M5   inf     6957  51.6%   51.6%    3368    -2.665  17.9%    -16.89   0/12 
 M15     2     4362  45.8%   49.7%    2195    -1.881  20.0%     -7.77   3/12 
 M15     5     4362  45.8%   46.2%    2346    -2.121  19.7%     -9.36   2/12 
 M15    10     4362  45.8%   45.9%    2362    -2.013  19.7%     -8.95   3/12 
 M15   inf     4362  45.8%   45.8%    2364    -2.040  19.7%     -9.08   3/12 
  H1     2     3197  28.5%   32.0%    2174    -2.991  23.3%    -12.24   2/12 
  H1     5     3197  28.5%   29.0%    2269    -2.999  23.5%    -12.81   1/12 
  H1    10     3197  28.5%   28.7%    2281    -2.877  23.6%    -12.35   2/12 
  H1   inf     3197  28.5%   28.5%    2285    -2.863  23.6%    -12.31   2/12 
  H4     2     1238  27.3%   31.4%     849    -3.563  24.4%     -5.69   2/12 
  H4     5     1238  27.3%   28.5%     885    -3.286  24.3%     -5.47   2/12 
  H4    10     1238  27.3%   27.9%     892    -3.366  24.2%     -5.65   2/12 
  H4   inf     1238  27.3%   27.3%     900    -3.509  24.0%     -5.94   2/12 

--- REALIZABLE: entry latency = 15s after signal-bar close ---
  TF  gate  signals  born%  gated%  trades   p/trade     WR     p/day  pairs+
  M5     2     6957  51.4%   57.0%    2994    -2.639  18.1%    -14.87   0/12 
  M5     5     6957  51.4%   52.2%    3323    -2.590  18.2%    -16.19   0/12 
  M5    10     6957  51.4%   51.5%    3372    -2.631  18.2%    -16.70   0/12 
  M5   inf     6957  51.4%   51.4%    3378    -2.679  18.1%    -17.03   0/12 
 M15     2     4362  45.4%   51.4%    2121    -2.218  19.8%     -8.85   2/12 
 M15     5     4362  45.4%   46.1%    2350    -2.126  19.8%     -9.40   2/12 
 M15    10     4362  45.4%   45.5%    2376    -2.047  19.8%     -9.15   3/12 
 M15   inf     4362  45.4%   45.4%    2380    -2.089  19.7%     -9.36   3/12 
  H1     2     3197  28.5%   33.6%    2122    -2.934  23.7%    -11.72   2/12 
  H1     5     3197  28.5%   29.1%    2268    -2.829  23.7%    -12.08   2/12 
  H1    10     3197  28.5%   28.7%    2281    -2.923  23.6%    -12.55   2/12 
  H1   inf     3197  28.5%   28.5%    2286    -2.906  23.6%    -12.50   2/12 
  H4     2     1238  27.3%   34.0%     817    -2.651  25.2%     -4.08   2/12 
  H4     5     1238  27.3%   29.0%     879    -3.378  24.5%     -5.59   2/12 
  H4    10     1238  27.3%   28.0%     891    -3.362  24.4%     -5.64   2/12 
  H4   inf     1238  27.3%   27.3%     900    -3.515  24.1%     -5.95   2/12 

--- REALIZABLE: entry latency = 30s after signal-bar close ---
  TF  gate  signals  born%  gated%  trades   p/trade     WR     p/day  pairs+
  M5     2     6957  50.8%   57.7%    2940    -2.535  18.7%    -14.03   0/12 
  M5     5     6957  50.8%   52.2%    3328    -2.521  18.5%    -15.79   0/12 
  M5    10     6957  50.8%   51.1%    3404    -2.639  18.3%    -16.91   0/12 
  M5   inf     6957  50.8%   50.8%    3422    -2.652  18.4%    -17.08   0/12 
 M15     2     4362  45.8%   53.0%    2051    -2.208  20.5%     -8.52   1/12 
 M15     5     4362  45.8%   47.2%    2301    -2.110  20.2%     -9.14   2/12 
 M15    10     4362  45.8%   45.9%    2358    -2.082  20.1%     -9.24   2/12 
 M15   inf     4362  45.8%   45.8%    2363    -2.133  20.0%     -9.49   2/12 
  H1     2     3197  28.9%   35.9%    2050    -2.760  24.1%    -10.65   2/12 
  H1     5     3197  28.9%   30.2%    2233    -2.747  24.0%    -11.54   2/12 
  H1    10     3197  28.9%   29.1%    2268    -2.849  23.9%    -12.16   2/12 
  H1   inf     3197  28.9%   28.9%    2273    -2.880  23.9%    -12.32   2/12 
  H4     2     1238  27.5%   35.7%     796    -3.710  25.0%     -5.56   2/12 
  H4     5     1238  27.5%   29.7%     870    -3.804  24.4%     -6.23   2/12 
  H4    10     1238  27.5%   28.7%     883    -3.599  24.3%     -5.98   2/12 
  H4   inf     1238  27.5%   27.5%     897    -3.554  24.1%     -6.00   2/12 

====================================================================================================
HEADLINE — baseline vs realizable @15s (no gate) vs realizable @15s (gate=5p), per TF
====================================================================================================
  TF | baseline p/t    p/day | real(no gate) p/t    p/day  born% | real(g=5) p/t    p/day  gated%
  M5 |       +0.395    +5.17 |            -2.679   -17.03  51.4% |        -2.590   -16.19   52.2%
 M15 |       +1.312   +10.77 |            -2.089    -9.36  45.4% |        -2.126    -9.40   46.1%
  H1 |       +0.427    +2.57 |            -2.906   -12.50  28.5% |        -2.829   -12.08   29.1%
  H4 |      +11.981   +27.91 |            -3.515    -5.95  27.3% |        -3.378    -5.59   29.0%

(p/day is total-net-pips / avg-per-pair-span; sums over the multi-pair portfolio at that TF.)
