Loading 12 pairs, TFs=['10s', '30s', '1m', '5m', '10m', '30m', '1h'] ...
Loaded. Example EUR_USD 10s: 4131431 bars.

=== COARSE PASS: full-history multi-pair, real spread, fixed fills ===
  ...combo 10s/5m done (150 cfgs, 485s)
  ...combo 30s/1h done (300 cfgs, 636s)
  ...combo 1m/1h done (450 cfgs, 726s)
  ...combo 5m/1h done (600 cfgs, 772s)
  ...combo 10m/1h done (750 cfgs, 793s)
  ...combo 5m/30m done (900 cfgs, 837s)
  ...combo 10s/- done (975 cfgs, 1040s)
  ...combo 30s/- done (1050 cfgs, 1114s)
  ...combo 1m/- done (1125 cfgs, 1150s)
  ...combo 5m/- done (1200 cfgs, 1162s)
  ...combo 10m/- done (1275 cfgs, 1167s)
  ...combo 30m/- done (1350 cfgs, 1170s)
  ...combo 1h/- done (1425 cfgs, 1171s)

Total configs evaluated: 837

=== CONFIGS PASSING ALL THREE BARS (frequent + meaty + definitive) ===
 fast slow   agr         trig  MA    K |  td/d/p     exp    WR   p/d/p   pr+  WF+   meat    sp
----------------------------------------------------------------------------------------------
   1h    -     - close_beyond   9  2.0 |     7.4   +5.72   65%    +3.511/12   3   25.8  1.96
   1h    -     - close_beyond   5  1.5 |    19.9   +3.06   68%    +5.112/12   3   13.5  1.98
  30m    -     - close_beyond  14  2.5 |     5.6   +5.53   64%    +2.612/12   3   28.6  2.04
  30m    -     - close_beyond   9  2.0 |    13.8   +3.47   66%    +4.012/12   3   17.3  2.00
  30m    -     - close_beyond   9  2.5 |     2.9   +8.00   64%    +1.99/12   3   26.8  2.24
   1h    -     - close_beyond  14  2.5 |     3.2   +5.97   60%    +1.69/12   3   36.1  1.94
  10m    -     - close_beyond  14  3.0 |     3.1   +5.58   63%    +1.48/12   3   26.9  2.31
  30m    -     - close_beyond   5  1.5 |    39.6   +1.10   65%    +3.611/12   3    9.4  2.00
   5m    -     - close_beyond  14  3.0 |     4.9   +1.98   60%    +0.89/12   3   20.2  2.39
  10m   1h basis close_beyond  20  3.0 |     3.3   +1.89   58%    +0.58/12   3   26.2  2.10
   5m  30m basis close_beyond  14  3.0 |     2.9   +1.62   59%    +0.49/12   3   20.8  2.30
  10m   1h basis close_beyond  14  2.5 |     8.3   +0.90   61%    +0.69/12   3   16.0  2.00
  10m   1h basis close_beyond   9  2.5 |     3.7   +1.09   62%    +0.310/12   3   15.9  2.09
   5m    -     - close_beyond  20  3.0 |     8.7   +0.79   61%    +0.69/12   3   18.9  2.22
   5m   1h basis close_beyond  14  2.5 |    13.4   +0.53   61%    +0.69/12   3   11.4  2.00

=== DEFINITIVE (exp>0, >=60% pairs+, WF 3/3) — regardless of freq/meat ===
 fast slow   agr         trig  MA    K |  td/d/p     exp    WR   p/d/p   pr+  WF+   meat    sp
----------------------------------------------------------------------------------------------
   1h    -     - close_beyond   9  2.0 |     7.4   +5.72   65%    +3.511/12   3   25.8  1.96
   1h    -     - close_beyond   5  1.5 |    19.9   +3.06   68%    +5.112/12   3   13.5  1.98
   1h    -     - close_beyond   9  2.5 |     1.5  +12.86   63%    +1.610/12   3   37.1  2.10
  30m    -     - close_beyond  14  2.5 |     5.6   +5.53   64%    +2.612/12   3   28.6  2.04
  30m    -     - close_beyond   9  2.0 |    13.8   +3.47   66%    +4.012/12   3   17.3  2.00
  30m    -     - close_beyond   9  2.5 |     2.9   +8.00   64%    +1.99/12   3   26.8  2.24
   1h    -     - close_beyond  14  2.5 |     3.2   +5.97   60%    +1.69/12   3   36.1  1.94
  10m    -     - close_beyond  14  3.0 |     3.1   +5.58   63%    +1.48/12   3   26.9  2.31
  30m    -     - close_beyond   5  1.5 |    39.6   +1.10   65%    +3.611/12   3    9.4  2.00
  10m   1h basis close_beyond  14  3.0 |     1.8   +5.05   61%    +0.88/12   3   26.9  2.25
   5m    -     - close_beyond  14  3.0 |     4.9   +1.98   60%    +0.89/12   3   20.2  2.39
  10m   1h basis close_beyond  20  3.0 |     3.3   +1.89   58%    +0.58/12   3   26.2  2.10
   5m  30m basis close_beyond  14  3.0 |     2.9   +1.62   59%    +0.49/12   3   20.8  2.30
  10m   1h basis close_beyond  14  2.5 |     8.3   +0.90   61%    +0.69/12   3   16.0  2.00
  10m   1h basis close_beyond   9  2.5 |     3.7   +1.09   62%    +0.310/12   3   15.9  2.09
   5m    -     - close_beyond  20  3.0 |     8.7   +0.79   61%    +0.69/12   3   18.9  2.22
   5m   1h basis close_beyond  14  2.5 |    13.4   +0.53   61%    +0.69/12   3   11.4  2.00

=== TOP BY EXPECTANCY (net spread, exp>0) ===
 fast slow   agr         trig  MA    K |  td/d/p     exp    WR   p/d/p   pr+  WF+   meat    sp
----------------------------------------------------------------------------------------------
   1h    -     - close_beyond  14  3.0 |     0.7  +14.62   65%    +0.911/12   1   39.8  1.94
   1h    -     - close_beyond   9  2.5 |     1.5  +12.86   63%    +1.610/12   3   37.1  2.10
  30m    -     - close_beyond  14  3.0 |     1.4  +12.57   63%    +1.410/12   2   38.1  2.27
  30m    -     - close_beyond  20  3.0 |     2.3   +8.23   58%    +1.610/12   2   38.2  2.07
  30m    -     - close_beyond   9  2.5 |     2.9   +8.00   64%    +1.99/12   3   26.8  2.24
   1h    -     - close_beyond  20  3.0 |     1.2   +6.09   57%    +0.611/12   1   42.4  1.96
   1h    -     - close_beyond  14  2.5 |     3.2   +5.97   60%    +1.69/12   3   36.1  1.94
   1h    -     - close_beyond   9  2.0 |     7.4   +5.72   65%    +3.511/12   3   25.8  1.96
  10m    -     - close_beyond  14  3.0 |     3.1   +5.58   63%    +1.48/12   3   26.9  2.31
  30m    -     - close_beyond  14  2.5 |     5.6   +5.53   64%    +2.612/12   3   28.6  2.04
  10m   1h basis close_beyond  14  3.0 |     1.8   +5.05   61%    +0.88/12   3   26.9  2.25
  30m    -     - close_beyond  20  2.5 |     5.3   +3.49   59%    +1.67/12   3   32.0  2.02
  30m    -     - close_beyond   9  2.0 |    13.8   +3.47   66%    +4.012/12   3   17.3  2.00
   1h    -     - close_beyond   5  1.5 |    19.9   +3.06   68%    +5.112/12   3   13.5  1.98
   1h    -     -      reenter  14  2.0 |     0.2   +2.76   38%    +0.07/12   0   34.2  1.91
   1h    -     - close_beyond  14  2.0 |     6.3   +2.49   57%    +1.39/12   2   30.1  1.94
   1h    -     - close_beyond  50  3.0 |     1.1   +2.44   38%    +0.26/12   1   44.9  1.96
  10m    -     -  two_outside  50  3.0 |     0.6   +2.42   27%    +0.17/12   0   45.9  2.09
   5m   1h basis close_beyond  14  3.0 |     2.4   +2.31   59%    +0.59/12   2   20.8  2.30
  10m    -     -      reenter  50  3.0 |     2.0   +2.06   29%    +0.39/12   2   41.0  2.04
   5m    -     - close_beyond  14  3.0 |     4.9   +1.98   60%    +0.89/12   3   20.2  2.39
  10m    -     - close_beyond   9  2.5 |     6.6   +1.97   62%    +1.111/12   2   15.7  2.20
  10m   1h basis close_beyond  20  3.0 |     3.3   +1.89   58%    +0.58/12   3   26.2  2.10
   5m  30m basis close_beyond  14  3.0 |     2.9   +1.62   59%    +0.49/12   3   20.8  2.30
  10m    -     - close_beyond  20  3.0 |     5.3   +1.59   59%    +0.78/12   2   26.1  2.18

=== TOP BY PIPS/DAY/PAIR ===
 fast slow   agr         trig  MA    K |  td/d/p     exp    WR   p/d/p   pr+  WF+   meat    sp
----------------------------------------------------------------------------------------------
   1h    -     - close_beyond   5  1.5 |    19.9   +3.06   68%    +5.112/12   3   13.5  1.98
  30m    -     - close_beyond   9  2.0 |    13.8   +3.47   66%    +4.012/12   3   17.3  2.00
  30m    -     - close_beyond   5  1.5 |    39.6   +1.10   65%    +3.611/12   3    9.4  2.00
   1h    -     - close_beyond   9  2.0 |     7.4   +5.72   65%    +3.511/12   3   25.8  1.96
  30m    -     - close_beyond  14  2.5 |     5.6   +5.53   64%    +2.612/12   3   28.6  2.04
  30m    -     - close_beyond   9  2.5 |     2.9   +8.00   64%    +1.99/12   3   26.8  2.24
   1h    -     - close_beyond   9  2.5 |     1.5  +12.86   63%    +1.610/12   3   37.1  2.10
   1h    -     - close_beyond  14  2.5 |     3.2   +5.97   60%    +1.69/12   3   36.1  1.94
  30m    -     - close_beyond  20  3.0 |     2.3   +8.23   58%    +1.610/12   2   38.2  2.07
  30m    -     - close_beyond  20  2.5 |     5.3   +3.49   59%    +1.67/12   3   32.0  2.02
  10m    -     - close_beyond  14  3.0 |     3.1   +5.58   63%    +1.48/12   3   26.9  2.31
  30m    -     - close_beyond  14  3.0 |     1.4  +12.57   63%    +1.410/12   2   38.1  2.27
  10m    -     - close_beyond  14  2.5 |    13.7   +1.15   61%    +1.39/12   2   16.5  2.09
   1h    -     - close_beyond  14  2.0 |     6.3   +2.49   57%    +1.39/12   2   30.1  1.94
  10m    -     - close_beyond   9  2.5 |     6.6   +1.97   62%    +1.111/12   2   15.7  2.20
   1h    -     - close_beyond  14  3.0 |     0.7  +14.62   65%    +0.911/12   1   39.8  1.94
   5m    -     - close_beyond  14  3.0 |     4.9   +1.98   60%    +0.89/12   3   20.2  2.39
  10m    -     - close_beyond   9  2.0 |    39.5   +0.24   62%    +0.89/12   2    9.7  2.03
  10m   1h basis close_beyond  14  3.0 |     1.8   +5.05   61%    +0.88/12   3   26.9  2.25
  10m   1h basis close_beyond   9  2.0 |    22.8   +0.39   63%    +0.78/12   2    9.6  1.97
  10m    -     - close_beyond  20  3.0 |     5.3   +1.59   59%    +0.78/12   2   26.1  2.18
   5m  30m basis close_beyond  14  2.5 |    15.5   +0.50   61%    +0.68/12   2   11.2  2.03
  10m   1h basis close_beyond  14  2.5 |     8.3   +0.90   61%    +0.69/12   3   16.0  2.00
   1h    -     - close_beyond  20  3.0 |     1.2   +6.09   57%    +0.611/12   1   42.4  1.96
   5m   1h basis close_beyond  14  2.5 |    13.4   +0.53   61%    +0.69/12   3   11.4  2.00

=== MULTI-TF AGREEMENT vs SINGLE-TF (best exp per fast TF) ===
 fast  single best exp  paired best exp  (slow/agr that won paired)
  10s            -2.14            -2.16  5m/basis
  30s            -1.86            +0.11  1h/both
   1m            -1.61            -0.22  1h/both
   5m            +1.98            +2.31  1h/basis
  10m            +5.58            +5.05  1h/basis
  30m           +12.57             +nan  -
   1h           +14.62             +nan  -

Done in 1171s. Coarse CSV -> bb_reversion_coarse.csv
