=== TREND-FILTERED REVERSION ===  TF=H1 (1h)  stop=40.0p  tcap=48  MEAT=1.0  SMA=9 K=1.0
Trend defs: [('sma', 100), ('sma', 200), ('ret', 100)]
loaded 12 pairs in 23s; bar counts: {'EUR_USD': 13757, 'GBP_USD': 7658, 'AUD_USD': 9146, 'NZD_USD': 9146, 'EUR_GBP': 9146, 'USD_JPY': 7658, 'EUR_JPY': 7659, 'GBP_JPY': 7658, 'AUD_JPY': 9146, 'CAD_JPY': 9146, 'NZD_JPY': 9145, 'CHF_JPY': 9144}

### SELF-CHECK: range violations = 0  |  entry-validity skips = 0

====================================================================================================
PORTFOLIO SUMMARY (equal-weight pool, all 12 pairs)  — pips total / per-day / WR / maxDD
====================================================================================================

--- TREND DEF: sma100 ---
      unfiltered: n=  5084  pips=  -5579.0  ppd=  -6.69  WR= 60.1%  mean= -1.10p  maxDD=  -7310.1
                  WF folds: F1: -2139.7(1085)  F2:  -965.6(1034)  F3: -1004.3(991)  F4:  -843.4(1020)  F5:  -626.0(954)
      with-trend: n=  1366  pips=    130.5  ppd=   0.16  WR= 63.0%  mean=  0.10p  maxDD=  -2276.0
                  WF folds: F1:    -8.1(300)  F2:  -872.1(273)  F3:   -94.0(256)  F4:  +930.7(283)  F5:  +174.1(254)
   against-trend: n=  3726  pips=  -5576.0  ppd=  -6.77  WR= 59.3%  mean= -1.50p  maxDD=  -6114.2
                  WF folds: F1: -1919.1(745)  F2:   -97.0(777)  F3:  -944.4(745)  F4: -1782.0(749)  F5:  -833.5(710)

--- TREND DEF: sma200 ---
      unfiltered: n=  5084  pips=  -5579.0  ppd=  -6.69  WR= 60.1%  mean= -1.10p  maxDD=  -7310.1
                  WF folds: F1: -2139.7(1085)  F2:  -965.6(1034)  F3: -1004.3(991)  F4:  -843.4(1020)  F5:  -626.0(954)
      with-trend: n=  1675  pips=  -1704.6  ppd=  -2.07  WR= 60.7%  mean= -1.02p  maxDD=  -3272.0
                  WF folds: F1:  -816.3(339)  F2: -1011.0(318)  F3:  -520.4(337)  F4:  +604.4(350)  F5:   +38.8(331)
   against-trend: n=  3373  pips=  -3964.6  ppd=  -4.82  WR= 60.1%  mean= -1.18p  maxDD=  -4729.6
                  WF folds: F1: -1313.9(664)  F2:   -43.5(726)  F3:  -583.9(663)  F4: -1327.0(686)  F5:  -696.2(634)

--- TREND DEF: ret100 ---
      unfiltered: n=  5084  pips=  -5579.0  ppd=  -6.69  WR= 60.1%  mean= -1.10p  maxDD=  -7310.1
                  WF folds: F1: -2139.7(1085)  F2:  -965.6(1034)  F3: -1004.3(991)  F4:  -843.4(1020)  F5:  -626.0(954)
      with-trend: n=  1872  pips=  -2130.9  ppd=  -2.57  WR= 60.9%  mean= -1.14p  maxDD=  -4008.1
                  WF folds: F1: -1102.4(405)  F2:  -693.8(369)  F3:  -634.5(365)  F4:  +111.0(388)  F5:  +188.8(345)
   against-trend: n=  3226  pips=  -3613.9  ppd=  -4.39  WR= 59.7%  mean= -1.12p  maxDD=  -4345.0
                  WF folds: F1: -1039.0(639)  F2:  -269.2(678)  F3:  -422.2(638)  F4:  -968.0(648)  F5:  -915.5(623)

====================================================================================================
PER-PAIR (with-trend book)  — for each trend def
====================================================================================================

--- sma100  with-trend ---
  pair          n      pips     ppd    WR%   mean     maxDD | folds(pips)
  EUR_USD     174    -157.1   -0.19   62.1  -0.90    -354.0 |    +88    +78   -202    -43    -78
  GBP_USD     100    -102.5   -0.23   62.0  -1.02    -260.6 |   -224   +179    -41    -25     +9
  AUD_USD     111     -31.7   -0.06   61.3  -0.29    -181.8 |    +48     -2    +30    -30    -78
  NZD_USD     117    -395.4   -0.73   58.1  -3.38    -501.4 |     -3   -245    -43    -63    -42
  EUR_GBP      57     -11.5   -0.02   63.2  -0.20     -72.6 |     +4     +5    -13    -42    +35
  USD_JPY     116     143.6    0.32   62.1   1.24    -305.2 |    +17   +105    -27    +98    -49
  EUR_JPY     112     286.9    0.64   67.9   2.56    -409.8 |   +101   -300    -28   +240   +274
  GBP_JPY     101      -7.0   -0.02   60.4  -0.07    -650.1 |   -276   -174   +161   +219    +63
  AUD_JPY     129     139.4    0.26   64.3   1.08    -247.1 |    +67   -111    -49   +208    +24
  CAD_JPY     114      66.3    0.12   68.4   0.58    -205.5 |   +189   -175    +89    +79   -116
  NZD_JPY     116      23.6    0.04   62.9   0.20    -306.5 |    -59   -191    +24   +221    +29
  CHF_JPY     119     176.1    0.33   63.0   1.48    -244.9 |    +40    -42     +6    +69   +102
  --> pairs positive overall: 6/12

--- sma200  with-trend ---
  pair          n      pips     ppd    WR%   mean     maxDD | folds(pips)
  EUR_USD     214      80.0    0.10   64.5   0.37    -264.6 |    +62   +223   -105    -78    -23
  GBP_USD     126    -233.7   -0.52   60.3  -1.86    -331.0 |   -154    +41    -73    -66    +17
  AUD_USD     148     -81.8   -0.15   59.5  -0.55    -220.9 |    +34     +5    +64    -81   -104
  NZD_USD     149    -266.5   -0.49   62.4  -1.79    -339.3 |    -32   -110    -41    -57    -26
  EUR_GBP      73     -24.7   -0.05   58.9  -0.34    -108.6 |     -2    -18    -62     +8    +49
  USD_JPY     143    -593.5   -1.32   52.4  -4.15    -759.9 |   -205    -52   -211    -71    -55
  EUR_JPY     129     205.6    0.46   64.3   1.59    -332.5 |    -76   -155     -6   +222   +221
  GBP_JPY     123    -209.9   -0.47   59.3  -1.71    -805.6 |   -424   -219    -10   +311   +132
  AUD_JPY     151       6.8    0.01   59.6   0.04    -482.4 |    +49   -221    -12   +164    +27
  CAD_JPY     138     -49.5   -0.09   65.2  -0.36    -295.2 |   +102   -238    +84     +8     -7
  NZD_JPY     137     -22.0   -0.04   63.5  -0.16    -231.3 |    -47   -146   +134   +188   -151
  CHF_JPY     144    -515.4   -0.96   56.2  -3.58    -719.4 |   -124   -121   -284    +55    -42
  --> pairs positive overall: 3/12

--- ret100  with-trend ---
  pair          n      pips     ppd    WR%   mean     maxDD | folds(pips)
  EUR_USD     226    -167.3   -0.21   63.3  -0.74    -448.4 |    +77   +131   -215    -70    -91
  GBP_USD     143    -130.0   -0.29   62.9  -0.91    -369.6 |   -271   +115     -6    -37    +70
  AUD_USD     161     120.9    0.22   62.1   0.75    -136.2 |    -30    +54    +86     -9    +21
  NZD_USD     162    -440.4   -0.82   60.5  -2.72    -503.7 |   -111   -158     -2    -77    -93
  EUR_GBP      87     -24.5   -0.05   58.6  -0.28    -123.2 |    +32    -29    -61    -13    +47
  USD_JPY     157    -287.7   -0.64   54.8  -1.83    -546.3 |   -157    +56   -118    -71     +2
  EUR_JPY     145      94.6    0.21   64.8   0.65    -451.1 |   -125   -220    +12   +189   +239
  GBP_JPY     143    -542.4   -1.21   58.7  -3.79   -1026.6 |   -555    -91   -189   +237    +55
  AUD_JPY     170      88.0    0.16   61.8   0.52    -384.5 |    +93   -161    +47    +18    +91
  CAD_JPY     154     -86.5   -0.16   64.3  -0.56    -369.8 |    +66    -88    +39    -38    -64
  NZD_JPY     154    -289.2   -0.54   61.7  -1.88    -339.7 |    -94   -244    +76   +121   -148
  CHF_JPY     170    -466.3   -0.87   55.9  -2.74    -864.4 |    -27    -59   -303   -137    +59
  --> pairs positive overall: 3/12

====================================================================================================
ASYMMETRY: against-trend per-pair (should be robustly NEGATIVE if filter logic holds)
====================================================================================================
  sma100: portfolio -5576.0p (-6.77 p/d)  pairs negative: 10/12
  sma200: portfolio -3964.6p (-4.82 p/d)  pairs negative: 8/12
  ret100: portfolio -3613.9p (-4.39 p/d)  pairs negative: 10/12

JSON -> research/experiments/daily_ma/tfr_results_H1.json
DONE H1
