=== TREND-FILTERED REVERSION ===  TF=H4 (4h)  stop=40.0p  tcap=24  MEAT=1.0  SMA=9 K=1.0
Trend defs: [('sma', 100), ('sma', 200), ('ret', 100)]
loaded 12 pairs in 23s; bar counts: {'EUR_USD': 3559, 'GBP_USD': 1981, 'AUD_USD': 2368, 'NZD_USD': 2368, 'EUR_GBP': 2368, 'USD_JPY': 1981, 'EUR_JPY': 1982, 'GBP_JPY': 1981, 'AUD_JPY': 2368, 'CAD_JPY': 2368, 'NZD_JPY': 2368, 'CHF_JPY': 2368}

### SELF-CHECK: range violations = 0  |  entry-validity skips = 0

====================================================================================================
PORTFOLIO SUMMARY (equal-weight pool, all 12 pairs)  — pips total / per-day / WR / maxDD
====================================================================================================

--- TREND DEF: sma100 ---
      unfiltered: n=  1829  pips=  -1406.6  ppd=  -1.69  WR= 52.7%  mean= -0.77p  maxDD=  -5497.5
                  WF folds: F1:  +910.6(358)  F2: +1260.9(389)  F3: -2600.7(362)  F4: -1878.4(374)  F5:  +900.9(346)
      with-trend: n=   524  pips=  -1285.3  ppd=  -1.61  WR= 52.3%  mean= -2.45p  maxDD=  -2910.3
                  WF folds: F1:  -181.1(76)  F2:   -94.1(116)  F3:  -924.6(120)  F4:  -941.6(100)  F5:  +856.2(112)
   against-trend: n=  1263  pips=  -1011.2  ppd=  -1.25  WR= 52.1%  mean= -0.80p  maxDD=  -3747.5
                  WF folds: F1:  +208.1(230)  F2: +1383.7(277)  F3: -1661.5(244)  F4:  -944.9(277)  F5:    +3.4(235)

--- TREND DEF: sma200 ---
      unfiltered: n=  1829  pips=  -1406.6  ppd=  -1.69  WR= 52.7%  mean= -0.77p  maxDD=  -5497.5
                  WF folds: F1:  +910.6(358)  F2: +1260.9(389)  F3: -2600.7(362)  F4: -1878.4(374)  F5:  +900.9(346)
      with-trend: n=   586  pips=  -3163.9  ppd=  -4.07  WR= 50.0%  mean= -5.40p  maxDD=  -4203.8
                  WF folds: F1:  -663.5(73)  F2:  -224.7(132)  F3: -1631.2(131)  F4:  -967.9(123)  F5:  +323.3(127)
   against-trend: n=  1111  pips=    244.0  ppd=   0.31  WR= 53.6%  mean=  0.22p  maxDD=  -3541.7
                  WF folds: F1:  +101.2(147)  F2: +1444.0(258)  F3: -1000.6(233)  F4:  -910.5(251)  F5:  +609.9(222)

--- TREND DEF: ret100 ---
      unfiltered: n=  1829  pips=  -1406.6  ppd=  -1.69  WR= 52.7%  mean= -0.77p  maxDD=  -5497.5
                  WF folds: F1:  +910.6(358)  F2: +1260.9(389)  F3: -2600.7(362)  F4: -1878.4(374)  F5:  +900.9(346)
      with-trend: n=   661  pips=  -2617.3  ppd=  -3.24  WR= 50.5%  mean= -3.96p  maxDD=  -3760.5
                  WF folds: F1:  -469.2(109)  F2:   +76.8(148)  F3: -1619.0(130)  F4:  -938.5(130)  F5:  +332.6(144)
   against-trend: n=  1129  pips=    160.2  ppd=   0.20  WR= 53.1%  mean=  0.14p  maxDD=  -3683.2
                  WF folds: F1:  +348.8(197)  F2: +1222.8(243)  F3:  -973.2(236)  F4: -1010.2(247)  F5:  +571.9(206)

====================================================================================================
PER-PAIR (with-trend book)  — for each trend def
====================================================================================================

--- sma100  with-trend ---
  pair          n      pips     ppd    WR%   mean     maxDD | folds(pips)
  EUR_USD      74      75.4    0.09   59.5   1.02    -212.1 |   +181    +54    -32   -141    +14
  GBP_USD      40    -412.9   -0.92   47.5 -10.32    -637.7 |    -14   -262    -67   -182   +113
  AUD_USD      40    -229.6   -0.43   50.0  -5.74    -261.5 |    -93    -63     -5    -17    -51
  NZD_USD      45     188.7    0.35   71.1   4.19     -66.5 |    +28    +87    +18    -48   +104
  EUR_GBP      38      -8.0   -0.01   63.2  -0.21    -123.5 |    +72    +44    -48    -20    -56
  USD_JPY      44      58.9    0.13   43.2   1.34    -543.1 |   +152   +131   -172   -252   +200
  EUR_JPY      35    -156.2   -0.35   42.9  -4.46    -338.6 |   -255   +147    -96    -98   +145
  GBP_JPY      41    -101.5   -0.23   43.9  -2.48    -461.0 |   -236    +24    -33    -77   +221
  AUD_JPY      47    -237.6   -0.44   51.1  -5.05    -334.7 |    -42   -205     -4    +34    -20
  CAD_JPY      32    -118.5   -0.22   53.1  -3.70    -275.6 |    -53    -53    -45    -50    +83
  NZD_JPY      47    -174.0   -0.32   53.2  -3.70    -390.8 |    +58    -11   -173    -79    +31
  CHF_JPY      41    -170.1   -0.32   41.5  -4.15    -395.2 |    +21    +15   -268    -12    +74
  --> pairs positive overall: 3/12

--- sma200  with-trend ---
  pair          n      pips     ppd    WR%   mean     maxDD | folds(pips)
  EUR_USD      79    -364.6   -0.45   54.4  -4.62    -749.2 |   +200    +11   -287   -191    -98
  GBP_USD      50    -400.2   -0.89   46.0  -8.00    -772.1 |    +56   -285   -153   -208   +190
  AUD_USD      47      33.0    0.06   61.7   0.70    -124.0 |    -19    +64    -16    +17    -13
  NZD_USD      48      29.8    0.06   64.6   0.62    -132.4 |    +28    +61     +8   -125    +58
  EUR_GBP      41      -7.9   -0.01   61.0  -0.19     -83.1 |     -8    +41    -62    +36    -14
  USD_JPY      43    -556.5   -1.24   34.9 -12.94    -681.5 |   -208    +10   -214   -270   +125
  EUR_JPY      42    -447.7   -1.00   35.7 -10.66    -551.2 |   -188    -40   -181   -141   +102
  GBP_JPY      47    -380.0   -0.85   38.3  -8.08    -385.0 |   -259   +123    -78   -120    -45
  AUD_JPY      53    -385.3   -0.71   49.1  -7.27    -430.4 |   -173   -182    -43    +17     -4
  CAD_JPY      42     -18.7   -0.03   59.5  -0.45    -171.7 |    -86    +42    -77    +28    +74
  NZD_JPY      48    -199.9   -0.37   56.2  -4.16    -382.6 |    -62    -41   -129    -47    +79
  CHF_JPY      46    -465.8   -0.86   34.8 -10.13    -583.7 |    +56    -29   -400    +36   -130
  --> pairs positive overall: 2/12

--- ret100  with-trend ---
  pair          n      pips     ppd    WR%   mean     maxDD | folds(pips)
  EUR_USD     102    -284.3   -0.35   56.9  -2.79    -648.7 |   +260    -34   -232   -225    -54
  GBP_USD      53    -230.3   -0.51   47.2  -4.35    -661.9 |    +86   -218   -195    -94   +190
  AUD_USD      50    -283.7   -0.53   52.0  -5.67    -281.6 |   -117    -24    -67    +10    -85
  NZD_USD      53     100.9    0.19   64.2   1.90    -167.6 |    +28   +108     -9   -158   +133
  EUR_GBP      43     -55.0   -0.10   60.5  -1.28    -124.3 |    +14    +41    -62    -21    -27
  USD_JPY      58     113.6    0.25   44.8   1.96    -585.9 |   +157   +279   -214   -265   +157
  EUR_JPY      44    -447.6   -1.00   38.6 -10.17    -549.6 |   -189    -40   -138   -184   +102
  GBP_JPY      50    -223.1   -0.50   42.0  -4.46    -505.0 |   -236    -44    -46     -4   +107
  AUD_JPY      59    -428.6   -0.80   47.5  -7.26    -427.6 |   -190   -167     -1    +49   -121
  CAD_JPY      47      51.2    0.09   57.4   1.09    -217.5 |   -140   +272    -75     +2     -8
  NZD_JPY      56    -478.9   -0.89   51.8  -8.55    -554.1 |   -121    -65   -269    -10    -14
  CHF_JPY      46    -451.5   -0.84   37.0  -9.82    -586.7 |    -22    -30   -311    -40    -48
  --> pairs positive overall: 3/12

====================================================================================================
ASYMMETRY: against-trend per-pair (should be robustly NEGATIVE if filter logic holds)
====================================================================================================
  sma100: portfolio -1011.2p (-1.25 p/d)  pairs negative: 8/12
  sma200: portfolio +244.0p (+0.31 p/d)  pairs negative: 5/12
  ret100: portfolio +160.2p (+0.20 p/d)  pairs negative: 4/12

JSON -> research/experiments/daily_ma/tfr_results_H4.json
DONE H4
