=== TREND-FILTERED REVERSION ===  TF=M15 (15min)  stop=40.0p  tcap=96  MEAT=1.0  SMA=9 K=1.0
Trend defs: [('sma', 100), ('sma', 200), ('ret', 100)]
loaded 12 pairs in 23s; bar counts: {'EUR_USD': 55027, 'GBP_USD': 30626, 'AUD_USD': 36581, 'NZD_USD': 36579, 'EUR_GBP': 36580, 'USD_JPY': 30629, 'EUR_JPY': 30627, 'GBP_JPY': 30626, 'AUD_JPY': 36578, 'CAD_JPY': 36581, 'NZD_JPY': 36558, 'CHF_JPY': 36511}

### SELF-CHECK: range violations = 0  |  entry-validity skips = 0

====================================================================================================
PORTFOLIO SUMMARY (equal-weight pool, all 12 pairs)  — pips total / per-day / WR / maxDD
====================================================================================================

--- TREND DEF: sma100 ---
      unfiltered: n= 12958  pips= -12291.0  ppd= -14.73  WR= 58.8%  mean= -0.95p  maxDD= -12632.6
                  WF folds: F1: -1778.4(2883)  F2: -2641.5(2659)  F3: -3674.1(2499)  F4: -3363.9(2591)  F5:  -833.1(2326)
      with-trend: n=  3009  pips=  -1343.8  ppd=  -1.61  WR= 58.9%  mean= -0.45p  maxDD=  -1586.8
                  WF folds: F1:  -608.6(702)  F2:  -541.1(632)  F3:  +459.7(580)  F4:  -377.2(583)  F5:  -276.6(512)
   against-trend: n= 10176  pips= -10929.5  ppd= -13.12  WR= 58.9%  mean= -1.07p  maxDD= -11669.1
                  WF folds: F1: -1074.5(2192)  F2: -2085.3(2095)  F3: -4210.6(1974)  F4: -3083.9(2062)  F5:  -475.1(1853)

--- TREND DEF: sma200 ---
      unfiltered: n= 12958  pips= -12291.0  ppd= -14.73  WR= 58.8%  mean= -0.95p  maxDD= -12632.6
                  WF folds: F1: -1778.4(2883)  F2: -2641.5(2659)  F3: -3674.1(2499)  F4: -3363.9(2591)  F5:  -833.1(2326)
      with-trend: n=  3969  pips=  -3046.2  ppd=  -3.66  WR= 59.0%  mean= -0.77p  maxDD=  -3095.7
                  WF folds: F1:  -435.7(870)  F2: -1398.8(836)  F3:   +44.1(802)  F4:  -872.5(788)  F5:  -383.3(673)
   against-trend: n=  9139  pips=  -9310.6  ppd= -11.20  WR= 58.7%  mean= -1.02p  maxDD= -10428.2
                  WF folds: F1:  -746.1(1968)  F2: -1458.9(1884)  F3: -3879.4(1745)  F4: -2700.0(1851)  F5:  -526.1(1691)

--- TREND DEF: ret100 ---
      unfiltered: n= 12958  pips= -12291.0  ppd= -14.73  WR= 58.8%  mean= -0.95p  maxDD= -12632.6
                  WF folds: F1: -1778.4(2883)  F2: -2641.5(2659)  F3: -3674.1(2499)  F4: -3363.9(2591)  F5:  -833.1(2326)
      with-trend: n=  4380  pips=  -2130.0  ppd=  -2.56  WR= 60.1%  mean= -0.49p  maxDD=  -2481.6
                  WF folds: F1:  -619.7(974)  F2:  -864.3(947)  F3:   +40.7(849)  F4:  -494.8(846)  F5:  -191.9(764)
   against-trend: n=  8770  pips= -10659.5  ppd= -12.80  WR= 57.9%  mean= -1.22p  maxDD= -11078.3
                  WF folds: F1:  -866.1(1910)  F2: -2075.5(1769)  F3: -3945.7(1704)  F4: -3047.6(1789)  F5:  -724.5(1598)

====================================================================================================
PER-PAIR (with-trend book)  — for each trend def
====================================================================================================

--- sma100  with-trend ---
  pair          n      pips     ppd    WR%   mean     maxDD | folds(pips)
  EUR_USD     399    -285.1   -0.35   57.6  -0.71    -380.4 |    -66   -104    +16    -89    -42
  GBP_USD     249    -291.5   -0.65   55.0  -1.17    -348.3 |   -204     +4    +29   -135    +15
  AUD_USD     255    -231.1   -0.43   55.3  -0.91    -233.1 |   -201    +60    -43    +99   -145
  NZD_USD     197    -231.5   -0.43   53.3  -1.17    -264.7 |   -174     +7    -44     -0    -19
  EUR_GBP      90     120.5    0.22   66.7   1.34     -31.4 |    +32    +74     +2    +24    -12
  USD_JPY     335     381.9    0.85   66.0   1.14    -345.8 |   +213   -205   +161    +18   +195
  EUR_JPY     219      91.3    0.20   61.2   0.42    -236.1 |   +107    -10   +104    -23    -87
  GBP_JPY     263     476.4    1.06   65.4   1.81    -302.1 |   +176   -200   +441    +65     -7
  AUD_JPY     281    -296.5   -0.55   59.4  -1.06    -558.4 |    +39    -93    +25   -138   -129
  CAD_JPY     268    -542.9   -1.01   53.4  -2.03    -594.5 |   -347    +29   -147   -101    +23
  NZD_JPY     224     -64.4   -0.12   58.5  -0.29    -242.2 |   -118   +104    -20     -7    -23
  CHF_JPY     229    -470.8   -0.87   56.8  -2.06    -550.1 |    -65   -206    -64    -91    -46
  --> pairs positive overall: 4/12

--- sma200  with-trend ---
  pair          n      pips     ppd    WR%   mean     maxDD | folds(pips)
  EUR_USD     506    -203.5   -0.25   58.7  -0.40    -378.5 |    +22   -279    +73    -65    +45
  GBP_USD     332    -291.2   -0.65   57.8  -0.88    -353.6 |   -208    -30    +96    -68    -80
  AUD_USD     317    -228.6   -0.42   56.2  -0.72    -282.4 |   -115    -82    -15   +120   -137
  NZD_USD     262    -114.9   -0.21   57.3  -0.44    -186.3 |   -104    +21    -49    +56    -39
  EUR_GBP     144      18.6    0.03   63.9   0.13    -165.3 |    +38    +92   -126    +24    -10
  USD_JPY     441     110.0    0.24   63.9   0.25    -453.5 |   +290   -334    +72    -96   +177
  EUR_JPY     299     269.5    0.60   61.5   0.90    -203.3 |   +189    -27    +91    +48    -31
  GBP_JPY     321    -157.8   -0.35   62.9  -0.49    -500.5 |   +296   -461   +275   -232    -35
  AUD_JPY     374    -600.0   -1.11   58.0  -1.60    -669.4 |   -136   -181   +103   -276   -111
  CAD_JPY     351    -846.1   -1.57   54.7  -2.41    -911.8 |   -509   -198   -121    -86    +68
  NZD_JPY     297    -402.9   -0.75   54.9  -1.36    -413.0 |   -199     +3    -85    -21   -101
  CHF_JPY     325    -599.3   -1.11   59.1  -1.84    -830.3 |     -0    +77   -269   -278   -129
  --> pairs positive overall: 3/12

--- ret100  with-trend ---
  pair          n      pips     ppd    WR%   mean     maxDD | folds(pips)
  EUR_USD     549    -197.3   -0.24   60.5  -0.36    -303.3 |     +5   -165   +119   -115    -42
  GBP_USD     361    -150.2   -0.33   60.1  -0.42    -341.3 |   -157    -52   +108    -78    +28
  AUD_USD     363    -233.6   -0.43   56.7  -0.64    -242.4 |   -198    +59    -30   +121   -186
  NZD_USD     308    -137.5   -0.26   56.2  -0.45    -195.9 |   -134    +11    -44    +30     -0
  EUR_GBP     156     -55.4   -0.10   62.8  -0.35    -169.3 |    +38    -23   -102    +26     +5
  USD_JPY     468     280.0    0.62   65.6   0.60    -259.8 |   +120   -111    +21    -19   +269
  EUR_JPY     328     346.6    0.77   60.4   1.06    -227.9 |   +300    -51    +55    +43     -0
  GBP_JPY     383      76.5    0.17   64.0   0.20    -451.9 |   +188   -332   +254    -28     -7
  AUD_JPY     404    -311.0   -0.58   62.9  -0.77    -467.0 |   -129   -159    +41    -21    -44
  CAD_JPY     382    -671.0   -1.24   54.7  -1.76    -716.1 |   -488    -44   -103    -20    -15
  NZD_JPY     319    -542.7   -1.01   55.2  -1.70    -551.5 |   -304   +123   -134   -194    -33
  CHF_JPY     359    -534.5   -0.99   60.2  -1.49    -796.1 |   +139   -120   -145   -240   -168
  --> pairs positive overall: 3/12

====================================================================================================
ASYMMETRY: against-trend per-pair (should be robustly NEGATIVE if filter logic holds)
====================================================================================================
  sma100: portfolio -10929.5p (-13.12 p/d)  pairs negative: 12/12
  sma200: portfolio -9310.6p (-11.20 p/d)  pairs negative: 12/12
  ret100: portfolio -10659.5p (-12.80 p/d)  pairs negative: 12/12

JSON -> research/experiments/daily_ma/tfr_results_M15.json
DONE M15
