============================================================================================
DAILY large-bar -> forward outcome  (12 pairs, net spread, +1/2/3/5 days, IS/OOS)
continuation expectancy = E[dir*fwd] (>0 momentum, <0 mean-reversion)
============================================================================================
horizon  n_oos  cont E[dir*fwd] cont net/td mean-rev net/td  MR WR  verdict
     1d   1209            -7.00      -10.81           +3.19    54%  mean-reversion 🟢 net+
     2d   1209            -2.81       -6.62           -1.00    52%  mean-reversion 🔴
     3d   1206            -7.85      -11.66           +4.04    54%  mean-reversion 🟢 net+
     5d   1199           -13.64      -17.46           +9.83    54%  mean-reversion 🟢 net+

per-pair MEAN-REVERSION net pnl/trade at H=3d (trade against the daily move):
  USD_JPY  n= 100  MR_net=+14.22p  WR=60%
  EUR_USD  n=  99  MR_net=+2.82p  WR=58%
  GBP_USD  n= 105  MR_net=+6.33p  WR=54%
  AUD_USD  n=  93  MR_net=+5.28p  WR=48%
  EUR_JPY  n= 106  MR_net=+2.49p  WR=51%
  GBP_JPY  n= 112  MR_net=-3.43p  WR=53%
  AUD_JPY  n=  95  MR_net=+4.27p  WR=52%
  CAD_JPY  n=  94  MR_net=+6.13p  WR=50%
  NZD_JPY  n=  92  MR_net=+1.32p  WR=52%
  CHF_JPY  n= 117  MR_net=+5.51p  WR=57%
  NZD_USD  n=  88  MR_net=+3.28p  WR=58%
  EUR_GBP  n= 105  MR_net=+0.98p  WR=54%
  -> mean-reversion net-positive on 11/12 pairs at H=3d
============================================================================================
